// Jest Snapshot v1, https://goo.gl/fbAQLP

exports[`Header renders correctly 1`] = `
<div
  className="header"
>
  <h1
    className="font-weight-normal"
  >
    World
    <span
      className="font-weight-light"
    >
      Weather
    </span>
  </h1>
  <small>
    Weather by City and Country Across the World
  </small>
</div>
`;
