// Jest Snapshot v1, https://goo.gl/fbAQLP

exports[`SearchResultRow renders correctly 1`] = `
<div
  className="row"
>
  <div
    className="col-md-3 text-lg-left"
  >
    <label
      className="font-weight-bold list-header mr-1"
    />
  </div>
  <div
    className="col-md-6 text-lg-left"
  >
    <span />
  </div>
</div>
`;
